SQL> ED
Wrote file afiedt.buf

  1* SELECT HIREDATE FROM EMP WHERE MOD(TO_CHAR(HIREDATE,'YYYY'),4)=0
  2  /

HIREDATE                                                                                                                                                                                                                                                                                                    
---------                                                                                                                                                                                                                                                                                                   
17-DEC-80                                                                                                                                                                                                                                                                                                   

SQL> ED
Wrote file afiedt.buf

  1* SELECT HIREDATE FROM EMP WHERE MOD(TO_CHAR(HIREDATE,'YYYY'),4)=0)  AND MOD(TO_CHAR(HIREDATE,'YYYY'),400)=0)
SQL> /
SELECT HIREDATE FROM EMP WHERE MOD(TO_CHAR(HIREDATE,'YYYY'),4)=0)  AND MOD(TO_CHAR(HIREDATE,'YYYY'),400)=0)
                                                                *
ERROR at line 1:
ORA-00933: SQL command not properly ended 


SQL> ED
Wrote file afiedt.buf

  1* SELECT HIREDATE FROM EMP WHERE MOD(TO_CHAR(HIREDATE,'YYYY'),4)=0) OR MOD(TO_CHAR(HIREDATE,'YYYY'),400)=0)
SQL> /
SELECT HIREDATE FROM EMP WHERE MOD(TO_CHAR(HIREDATE,'YYYY'),4)=0) OR MOD(TO_CHAR(HIREDATE,'YYYY'),400)=0)
                                                                *
ERROR at line 1:
ORA-00933: SQL command not properly ended 


SQL> ED
Wrote file afiedt.buf

  1* SELECT HIREDATE FROM EMP WHERE MOD((TO_CHAR(HIREDATE,'YYYY'),4)=0) OR (TO_CHAR(HIREDATE,'YYYY'),400)=0))
SQL> /
SELECT HIREDATE FROM EMP WHERE MOD((TO_CHAR(HIREDATE,'YYYY'),4)=0) OR (TO_CHAR(HIREDATE,'YYYY'),400)=0))
                                                            *
ERROR at line 1:
ORA-00907: missing right parenthesis 


SQL> ED
Wrote file afiedt.buf

  1  SELECT HIREDATE FROM EMP WHERE 
  2* MOD((TO_CHAR(HIREDATE,'YYYY'),4)=0) OR (TO_CHAR(HIREDATE,'YYYY'),400)=0)) /
SQL> /
MOD((TO_CHAR(HIREDATE,'YYYY'),4)=0) OR (TO_CHAR(HIREDATE,'YYYY'),400)=0)) /
                             *
ERROR at line 2:
ORA-00907: missing right parenthesis 


SQL> CREATE TABLE EMPLOYEE
  2  ( SID NUMBER PRIMARY,SID NUMBER PRIMARY,SID NUMBER PRIMARY,SID NUMBER);
( SID NUMBER PRIMARY,SID NUMBER PRIMARY,SID NUMBER PRIMARY,SID NUMBER)
                    *
ERROR at line 2:
ORA-00905: missing keyword 


SQL> ED
Wrote file afiedt.buf

  1  CREATE TABLE STUDENT
  2  (SID NUMBER(5) PRIMARY KEY CHECK(SID>0) CHECK(LENGTH(SID)=5) ,
  3  SNAME VARCHAR(20) NOT NULL ,
  4  AGE NUMBER(2) CHECK(AGE>0),
  5* PH_NO NUMBER(10) CHECK(PH_NO>0) CHECK(LENGTH(PH_NO)<10));
SQL> /
PH_NO NUMBER(10) CHECK(PH_NO>0) CHECK(LENGTH(PH_NO)<10));
                                                        *
ERROR at line 5:
ORA-00911: invalid character 


SQL> ED
Wrote file afiedt.buf

  1  CREATE TABLE STUDENT
  2  (SID NUMBER(5) PRIMARY KEY CHECK(SID>0) CHECK(LENGTH(SID)=5) ,
  3  SNAME VARCHAR(20) NOT NULL ,
  4  AGE NUMBER(2) CHECK(AGE>0),
  5* PH_NO NUMBER(10) CHECK(PH_NO>0) CHECK(LENGTH(PH_NO)<10))
SQL> /

Table created.

SQL> SELECT * FROM STUDENT;

no rows selected

SQL> DISPLAY STUDENT;
SP2-0734: unknown command beginning "DISPLAY ST..." - rest of line ignored.
SQL> ED
Wrote file afiedt.buf

  1* SELECT * FROM STUDENT
SQL> ;
  1* SELECT * FROM STUDENT
SQL> /

no rows selected

SQL> DESC STUDENT;
 Name                                                                                                                                                                          Null?    Type
 ----------------------------------------------------------------------------------------------------------------------------------------------------------------------------- -------- --------------------------------------------------------------------------------------------------------------------
 SID                                                                                                                                                                           NOT NULL NUMBER(5)
 SNAME                                                                                                                                                                         NOT NULL VARCHAR2(20)
 AGE                                                                                                                                                                                    NUMBER(2)
 PH_NO                                                                                                                                                                                  NUMBER(10)

SQL> CREATE TABLE TEACHER(
  2  T_ID NUMBER(5) PRIMARY KEY CHECK(T_ID>0) CHECK (LENGTH(T_ID)=5),
  3  TNAME VARCHAR(20) NOT NULL,
  4  AGE NUMBER(2) CHECK(AGE>0),
  5  EMAIL VARCHAR(20) UNIQUE,
  6  SID NUMBER(5),
  7  CONSTRAINT FK.SID FOREIGN KEY(SID) REFERENCES STUDENT(SID)
  8  );
CONSTRAINT FK.SID FOREIGN KEY(SID) REFERENCES STUDENT(SID)
             *
ERROR at line 7:
ORA-00904: : invalid identifier 


SQL> ED
Wrote file afiedt.buf

  1  CREATE TABLE TEACHER(
  2  T_ID NUMBER(5) PRIMARY KEY CHECK(T_ID>0) CHECK (LENGTH(T_ID)=5),
  3  TNAME VARCHAR(20) NOT NULL,
  4  AGE NUMBER(2) CHECK(AGE>0),
  5  EMAIL VARCHAR(20) UNIQUE,
  6  SID NUMBER(5),
  7  CONSTRAINT FK_SID FOREIGN KEY(SID) REFERENCES STUDENT(SID)
  8* )
SQL> /

Table created.

SQL> SPOOL OFF;
